./tei-articles/1678-01_999.xml:20: parser error : Opening and ending tag mismatch: quote line 19 and p
re Regne le trentecinquiéme. Signé, Par le Roy en son Conseil, JUNQUIERES.</p>
                                                                               ^
./tei-articles/1678-01_999.xml:21: parser error : Opening and ending tag mismatch: body line 17 and quote
                    </quote>
                            ^
./tei-articles/1678-01_999.xml:22: parser error : Opening and ending tag mismatch: text line 16 and div
                    </div>
                          ^
./tei-articles/1678-01_999.xml:23: parser error : Opening and ending tag mismatch: TEI line 2 and body
        </body>
               ^
./tei-articles/1678-01_999.xml:24: parser error : Extra content at the end of the document
    </text>
    ^
./tei-articles/1678-03_365.xml:2: parser error : Extra content at the end of the document
<p>LE DUC DE ST AIGNAN,</p>
^
./tei-articles/1678-08_353b.xml:20: parser error : Opening and ending tag mismatch: p line 19 and div
      </div>
            ^
./tei-articles/1678-08_353b.xml:21: parser error : Opening and ending tag mismatch: div line 18 and body
    </body>
           ^
./tei-articles/1678-08_353b.xml:22: parser error : Opening and ending tag mismatch: body line 17 and text
  </text>
         ^
./tei-articles/1678-08_353b.xml:23: parser error : Opening and ending tag mismatch: text line 16 and TEI
</TEI>
      ^
./tei-articles/1678-08_353b.xml:24: parser error : Premature end of data in tag TEI line 2

^
./tei-articles/1681-09_049.xml:20: parser error : Premature end of data in tag body line 17
      </div>
            ^
./tei-articles/1682-12_001.xml:24: parser error : Opening and ending tag mismatch: p line 20 and div
      </div>
            ^
./tei-articles/1682-12_001.xml:25: parser error : Opening and ending tag mismatch: div line 18 and body
    </body>
           ^
./tei-articles/1682-12_001.xml:26: parser error : Opening and ending tag mismatch: body line 17 and text
  </text>
         ^
./tei-articles/1682-12_001.xml:27: parser error : Opening and ending tag mismatch: text line 16 and TEI
</TEI>
      ^
./tei-articles/1682-12_001.xml:28: parser error : Premature end of data in tag TEI line 2

^
./tei-articles/1683-03e_102.xml:52: parser error : Extra content at the end of the document
</TEI><h> Suite du traité des lunetes, Par Mr Comiers d'Ambrun, Prevost de Tern
      ^
